100 bottles of beer on the wall
100 bottles of beer
Take one down, pass it around
99 bottles of beer on the wall
99 bottles of beer on the wall
99 bottles of beer
Take one down, pass it around
98 bottles of beer on the wall
