2! 
4! 
6! 
8! 
Who do we appreciate?
17! 
19! 
23! 
29! 
These are the primes, that we find fine!
